INFO     root:request_utils.py:14 [2026-08-19 13:51:30] ========== 开始执行用例：验证获取鉴权码接口成功返回 ==========
INFO     root:request_utils.py:14 [2026-08-19 13:51:30] 解析yaml数据为https://api.weixin.qq.com/cgi-bin/token
INFO     root:request_utils.py:14 [2026-08-19 13:51:30] 解析yaml数据为{'grant_type': 'client_credential', 'appid': 'wx8a9de038e93f77ab', 'secret': '8326fc915928dee3165720c910effb86'}
INFO     root:request_utils.py:14 [2026-08-19 13:51:30] 请求method参数地址:get
INFO     root:request_utils.py:14 [2026-08-19 13:51:30] 请求url参数地址:https://api.weixin.qq.com/cgi-bin/token
INFO     root:request_utils.py:14 [2026-08-19 13:51:30] 请求params参数地址:{'grant_type': 'client_credential', 'appid': 'wx8a9de038e93f77ab', 'secret': '8326fc915928dee3165720c910effb86'}
INFO     root:request_utils.py:14 [2026-08-19 13:51:32] 响应结果为{"access_token": "107_SHmmkgSc-MZFLwmJMA85Wk8xkPVFolAxES-eU5K-LFHkR1bXhIOCrDewuhY3rHSl8NJZt999HZoUAWNX5llumSjAi9LyG0c5_WhpMgyhprROXRpfog2myEWTX2wLBIhAIADTA", "expires_in": 7200}
INFO     root:request_utils.py:14 [2026-08-19 13:51:32] 提取变量为{'access_token': '107_SHmmkgSc-MZFLwmJMA85Wk8xkPVFolAxES-eU5K-LFHkR1bXhIOCrDewuhY3rHSl8NJZt999HZoUAWNX5llumSjAi9LyG0c5_WhpMgyhprROXRpfog2myEWTX2wLBIhAIADTA'}
INFO     root:request_utils.py:14 [2026-08-19 13:51:32] 字段存在校验通过：预期字段access_token
INFO     root:request_utils.py:14 [2026-08-19 13:51:32] 校验expires_in通过：预期7200，实际7200
INFO     root:request_utils.py:14 [2026-08-19 13:51:32] ========== 开始执行用例：账号错误-返回空 ==========
INFO     root:request_utils.py:14 [2026-08-19 13:51:32] 解析yaml数据为https://api.weixin.qq.com/cgi-bin/token
INFO     root:request_utils.py:14 [2026-08-19 13:51:32] 解析yaml数据为{'grant_type': 'client_credential', 'appid': '123', 'secret': '8326fc915928dee3165720c910effb86'}
INFO     root:request_utils.py:14 [2026-08-19 13:51:32] 请求method参数地址:get
INFO     root:request_utils.py:14 [2026-08-19 13:51:32] 请求url参数地址:https://api.weixin.qq.com/cgi-bin/token
INFO     root:request_utils.py:14 [2026-08-19 13:51:32] 请求params参数地址:{'grant_type': 'client_credential', 'appid': '123', 'secret': '8326fc915928dee3165720c910effb86'}
INFO     root:request_utils.py:14 [2026-08-19 13:51:32] 响应结果为{"errcode": 40013, "errmsg": "invalid appid rid: 6a854464-03b1e78c-25f4a20e"}
INFO     root:request_utils.py:14 [2026-08-19 13:51:32] 字段存在校验通过：预期字段errcode
INFO     root:request_utils.py:14 [2026-08-19 13:51:32] 校验expires_in通过：预期None，实际None
INFO     root:request_utils.py:14 [2026-08-19 13:51:32] ========== 开始执行用例：密码错误-返回空 ==========
INFO     root:request_utils.py:14 [2026-08-19 13:51:32] 解析yaml数据为https://api.weixin.qq.com/cgi-bin/token
INFO     root:request_utils.py:14 [2026-08-19 13:51:32] 解析yaml数据为{'grant_type': 'client_credential', 'appid': 'wx8a9de038e93f77ab', 'secret': '123'}
INFO     root:request_utils.py:14 [2026-08-19 13:51:32] 请求method参数地址:get
INFO     root:request_utils.py:14 [2026-08-19 13:51:32] 请求url参数地址:https://api.weixin.qq.com/cgi-bin/token
INFO     root:request_utils.py:14 [2026-08-19 13:51:32] 请求params参数地址:{'grant_type': 'client_credential', 'appid': 'wx8a9de038e93f77ab', 'secret': '123'}
INFO     root:request_utils.py:14 [2026-08-19 13:51:32] 响应结果为{"errcode": 40125, "errmsg": "invalid appsecret rid: 6a854464-270dc554-2becb0bd"}
INFO     root:request_utils.py:14 [2026-08-19 13:51:32] 字段存在校验通过：预期字段errcode
INFO     root:request_utils.py:14 [2026-08-19 13:51:32] 校验expires_in通过：预期None，实际None
INFO     root:request_utils.py:14 [2026-08-19 13:51:32] ========== 开始执行用例：验证编辑标签接口成功返回 ==========
INFO     root:request_utils.py:14 [2026-08-19 13:51:32] 解析yaml数据为https://api.weixin.qq.com/cgi-bin/tags/update?access_token=${get_extract_data(access_token)}
INFO     root:request_utils.py:14 [2026-08-19 13:51:32] 解析yaml数据为https://api.weixin.qq.com/cgi-bin/tags/update?access_token=107_SHmmkgSc-MZFLwmJMA85Wk8xkPVFolAxES-eU5K-LFHkR1bXhIOCrDewuhY3rHSl8NJZt999HZoUAWNX5llumSjAi9LyG0c5_WhpMgyhprROXRpfog2myEWTX2wLBIhAIADTA
INFO     root:request_utils.py:14 [2026-08-19 13:51:32] 解析yaml数据为{'id': 134, 'name': 'hua'}
INFO     root:request_utils.py:14 [2026-08-19 13:51:32] 解析yaml数据为{'tag': {'id': 134, 'name': 'hua'}}
INFO     root:request_utils.py:14 [2026-08-19 13:51:32] 请求method参数地址:post
INFO     root:request_utils.py:14 [2026-08-19 13:51:32] 请求url参数地址:https://api.weixin.qq.com/cgi-bin/tags/update?access_token=107_SHmmkgSc-MZFLwmJMA85Wk8xkPVFolAxES-eU5K-LFHkR1bXhIOCrDewuhY3rHSl8NJZt999HZoUAWNX5llumSjAi9LyG0c5_WhpMgyhprROXRpfog2myEWTX2wLBIhAIADTA
INFO     root:request_utils.py:14 [2026-08-19 13:51:32] 请求json参数地址:{'tag': {'id': 134, 'name': 'hua'}}
INFO     root:request_utils.py:14 [2026-08-19 13:51:32] 响应结果为{"errcode": 0, "errmsg": "ok"}
INFO     root:request_utils.py:14 [2026-08-19 13:51:32] 校验errcode通过：预期0，实际0
INFO     root:request_utils.py:14 [2026-08-19 13:51:32] 校验errmsg通过：预期ok，实际ok
INFO     root:request_utils.py:14 [2026-08-19 13:51:32] ========== 开始执行用例：验证文件上传接口成功返回 ==========
INFO     root:request_utils.py:14 [2026-08-19 13:51:32] 解析yaml数据为https://api.weixin.qq.com/cgi-bin/media/uploadimg?access_token=${get_extract_data(access_token)}
INFO     root:request_utils.py:14 [2026-08-19 13:51:32] 解析yaml数据为https://api.weixin.qq.com/cgi-bin/media/uploadimg?access_token=107_SHmmkgSc-MZFLwmJMA85Wk8xkPVFolAxES-eU5K-LFHkR1bXhIOCrDewuhY3rHSl8NJZt999HZoUAWNX5llumSjAi9LyG0c5_WhpMgyhprROXRpfog2myEWTX2wLBIhAIADTA
INFO     root:request_utils.py:14 [2026-08-19 13:51:32] 解析yaml数据为H:\qq文件\IMG_20250305_210301.jpg
INFO     root:request_utils.py:14 [2026-08-19 13:51:32] 解析yaml数据为{'media': 'H:\\qq文件\\IMG_20250305_210301.jpg'}
INFO     root:request_utils.py:14 [2026-08-19 13:51:32] 请求method参数地址:post
INFO     root:request_utils.py:14 [2026-08-19 13:51:32] 请求url参数地址:https://api.weixin.qq.com/cgi-bin/media/uploadimg?access_token=107_SHmmkgSc-MZFLwmJMA85Wk8xkPVFolAxES-eU5K-LFHkR1bXhIOCrDewuhY3rHSl8NJZt999HZoUAWNX5llumSjAi9LyG0c5_WhpMgyhprROXRpfog2myEWTX2wLBIhAIADTA
INFO     root:request_utils.py:14 [2026-08-19 13:51:32] 请求files参数地址:{'media': <_io.BufferedReader name='H:\\qq文件\\IMG_20250305_210301.jpg'>}
INFO     root:request_utils.py:14 [2026-08-19 13:53:16] 响应结果为{"url":"http:\/\/mmbiz.qpic.cn\/mmbiz_jpg\/96Dicm4VEqNmLeeN9a57KJ2K3Yc65BbMptibjKvNIWicwdpaUmsdV70ZCGSI4gtwudkJzII34x3m9L4rykRuFUUwRWsjfRSe8JQSUjGcSBE1Os\/0?from=appmsg"}
INFO     root:request_utils.py:14 [2026-08-19 13:53:16] 字段存在校验通过：预期字段url
